[www.getmasum.com/html-preview/fancyshop/index.html]
[backblue.gif]
[fade.gif]
[index.html]
[www.getmasum.com/html-preview/fancyshop/css/animate.css]
[www.getmasum.com/html-preview/fancyshop/css/owl.theme.default.min.css]
[www.getmasum.com/html-preview/fancyshop/css/owl.carousel.min.css]
[www.getmasum.com/html-preview/fancyshop/css/meanmenu.min.css]
[www.getmasum.com/html-preview/fancyshop/css/venobox.css]
[www.getmasum.com/html-preview/fancyshop/css/font-awesome.css]
[www.getmasum.com/html-preview/fancyshop/css/bootstrap.min.css]
[www.getmasum.com/html-preview/fancyshop/style.css]
[www.getmasum.com/html-preview/fancyshop/css/responsive.css]
[www.getmasum.com/html-preview/fancyshop/login.html]
[www.getmasum.com/html-preview/fancyshop/img/logo.png]
[www.getmasum.com/html-preview/fancyshop/shop.html]
[www.getmasum.com/html-preview/fancyshop/product-details.html]
[www.getmasum.com/html-preview/fancyshop/cart.html]
[www.getmasum.com/html-preview/fancyshop/checkout.html]
[www.getmasum.com/html-preview/fancyshop/wishlist.html]
[www.getmasum.com/html-preview/fancyshop/left-sidebar-blog.html]
[www.getmasum.com/html-preview/fancyshop/right-sidebar-blog.html]
[www.getmasum.com/html-preview/fancyshop/full-width-blog.html]
[www.getmasum.com/html-preview/fancyshop/blog-details.html]
[www.getmasum.com/html-preview/fancyshop/about-us.html]
[www.getmasum.com/html-preview/fancyshop/contact.html]
[www.getmasum.com/html-preview/fancyshop/404.html]
[www.getmasum.com/html-preview/fancyshop/img/mini-cart/1.jpg]
[www.getmasum.com/html-preview/fancyshop/img/mini-cart/2.jpg]
[www.getmasum.com/html-preview/fancyshop/img/slider/1.jpg]
[www.getmasum.com/html-preview/fancyshop/img/slider/2.jpg]
[www.getmasum.com/html-preview/fancyshop/img/slider/3.jpg]
[www.getmasum.com/html-preview/fancyshop/img/promo/1.jpg]
[www.getmasum.com/html-preview/fancyshop/img/promo/2.jpg]
[www.getmasum.com/html-preview/fancyshop/img/promo/4.jpg]
[www.getmasum.com/html-preview/fancyshop/img/promo/3.jpg]
[www.getmasum.com/html-preview/fancyshop/img/product/1.jpg]
[www.getmasum.com/html-preview/fancyshop/img/product/2.jpg]
[www.getmasum.com/html-preview/fancyshop/img/product/3.jpg]
[www.getmasum.com/html-preview/fancyshop/img/product/4.jpg]
[www.getmasum.com/html-preview/fancyshop/img/product/5.jpg]
[www.getmasum.com/html-preview/fancyshop/img/product/6.jpg]
[www.getmasum.com/html-preview/fancyshop/img/product/7.jpg]
[www.getmasum.com/html-preview/fancyshop/img/product/8.jpg]
[www.getmasum.com/html-preview/fancyshop/img/special.png]
[www.getmasum.com/html-preview/fancyshop/img/testimonial-bg.jpg]
[www.getmasum.com/html-preview/fancyshop/img/testimonial/1.jpg]
[www.getmasum.com/html-preview/fancyshop/img/testimonial/2.jpg]
[www.getmasum.com/html-preview/fancyshop/img/testimonial/3.jpg]
[www.getmasum.com/html-preview/fancyshop/img/blog/1.jpg]
[www.getmasum.com/html-preview/fancyshop/img/blog/2.jpg]
[www.getmasum.com/html-preview/fancyshop/img/blog/3.jpg]
[www.getmasum.com/html-preview/fancyshop/img/brand/1.png]
[www.getmasum.com/html-preview/fancyshop/img/brand/2.png]
[www.getmasum.com/html-preview/fancyshop/img/brand/3.png]
[www.getmasum.com/html-preview/fancyshop/img/brand/4.png]
[www.getmasum.com/html-preview/fancyshop/img/brand/5.png]
[www.getmasum.com/html-preview/fancyshop/img/brand/6.png]
[www.getmasum.com/html-preview/fancyshop/img/brand/7.png]
[www.getmasum.com/html-preview/fancyshop/img/brand/8.png]
[www.getmasum.com/html-preview/fancyshop/img/brand/9.png]
[www.getmasum.com/html-preview/fancyshop/js/vendor/jquery-1.12.4.min.js]
[www.getmasum.com/html-preview/fancyshop/js/jquery.meanmenu.min.js]
[www.getmasum.com/html-preview/fancyshop/js/bootstrap.min.js]
[www.getmasum.com/html-preview/fancyshop/js/jquery.mixitup.js]
[www.getmasum.com/html-preview/fancyshop/js/jquery.counterup.min.js]
[www.getmasum.com/html-preview/fancyshop/js/waypoints.min.js]
[www.getmasum.com/html-preview/fancyshop/js/wow.min.js]
[www.getmasum.com/html-preview/fancyshop/js/venobox.min.js]
[www.getmasum.com/html-preview/fancyshop/js/owl.carousel.min.js]
[www.getmasum.com/html-preview/fancyshop/js/simplePlayer.js]
[www.getmasum.com/html-preview/fancyshop/index.html]
[www.getmasum.com/html-preview/fancyshop/js/main.js]
[www.getmasum.com/html-preview/fancyshop/css/animate.css]
[www.getmasum.com/html-preview/fancyshop/css/owl.theme.default.min.css]
[www.getmasum.com/html-preview/fancyshop/css/owl.carousel.min.css]
[www.getmasum.com/html-preview/fancyshop/css/meanmenu.min.css]
[www.getmasum.com/html-preview/fancyshop/css/preload-circle.png]
[www.getmasum.com/html-preview/fancyshop/css/close.gif]
[www.getmasum.com/html-preview/fancyshop/css/prev.gif]
[www.getmasum.com/html-preview/fancyshop/css/next.gif]
[www.getmasum.com/html-preview/fancyshop/css/venobox.css]
[www.getmasum.com/html-preview/fancyshop/fonts/fontawesome-webfontd41d.eot]
[www.getmasum.com/html-preview/fancyshop/fonts/fontawesome-webfont3295.eot]
[www.getmasum.com/html-preview/fancyshop/fonts/fontawesome-webfont3295.woff2]
[www.getmasum.com/html-preview/fancyshop/fonts/fontawesome-webfont3295.woff]
[www.getmasum.com/html-preview/fancyshop/css/font-awesome.css]
[www.getmasum.com/html-preview/fancyshop/fonts/fontawesome-webfont3295.ttf]
[www.getmasum.com/html-preview/fancyshop/fonts/fontawesome-webfont3295.svg]
[www.getmasum.com/html-preview/fancyshop/css/bootstrap.min.css]
[www.getmasum.com/html-preview/fancyshop/img/icon/arrow.png]
[www.getmasum.com/html-preview/fancyshop/img/play-button.png]
[www.getmasum.com/html-preview/fancyshop/style.css]
[www.getmasum.com/html-preview/fancyshop/css/responsive.css]
[www.getmasum.com/html-preview/fancyshop/login.html]
[www.getmasum.com/html-preview/fancyshop/shop.html]
[www.getmasum.com/html-preview/fancyshop/product-details.html]
[www.getmasum.com/html-preview/fancyshop/img/cart-prdct/1.jpg]
[www.getmasum.com/html-preview/fancyshop/img/cart-prdct/2.jpg]
[www.getmasum.com/html-preview/fancyshop/img/cart-prdct/3.jpg]
[www.getmasum.com/html-preview/fancyshop/img/cart-prdct/4.jpg]
[www.getmasum.com/html-preview/fancyshop/cart.html]
[www.getmasum.com/html-preview/fancyshop/checkout.html]
[www.getmasum.com/html-preview/fancyshop/wishlist.html]
[www.getmasum.com/html-preview/fancyshop/img/sidebar/1.jpg]
[www.getmasum.com/html-preview/fancyshop/img/sidebar/2.jpg]
[www.getmasum.com/html-preview/fancyshop/img/sidebar/3.jpg]
[www.getmasum.com/html-preview/fancyshop/img/blog/1-full.jpg]
[www.getmasum.com/html-preview/fancyshop/img/blog/2-full.jpg]
[www.getmasum.com/html-preview/fancyshop/left-sidebar-blog.html]
[www.getmasum.com/html-preview/fancyshop/right-sidebar-blog.html]
[www.getmasum.com/html-preview/fancyshop/full-width-blog.html]
[www.getmasum.com/html-preview/fancyshop/img/comment/1.jpg]
[www.getmasum.com/html-preview/fancyshop/img/comment/2.jpg]
[www.getmasum.com/html-preview/fancyshop/blog-details.html]
[www.getmasum.com/html-preview/fancyshop/img/screenshot.jpg]
[www.getmasum.com/html-preview/fancyshop/img/team/1.jpg]
[www.getmasum.com/html-preview/fancyshop/img/team/2.jpg]
[www.getmasum.com/html-preview/fancyshop/img/team/3.jpg]
[www.getmasum.com/html-preview/fancyshop/img/team/4.jpg]
[www.getmasum.com/html-preview/fancyshop/about-us.html]
[www.getmasum.com/html-preview/fancyshop/contact.html]
[www.getmasum.com/html-preview/fancyshop/img/404.png]
[www.getmasum.com/html-preview/fancyshop/404.html]
[www.getmasum.com/html-preview/fancyshop/blog.html]
[www.getmasum.com/html-preview/fancyshop/css/owl.video.play.html]
[www.getmasum.com/html-preview/fancyshop/fonts/fontawesome-webfont3295.svg]
